
Discarded input sections

 .data          0x00000000        0x0 start.o
 .bss           0x00000000        0x0 start.o
 .text          0x00000000        0x0 nand_boot.o
 .data          0x00000000        0x0 nand_boot.o
 .bss           0x00000000        0x0 nand_boot.o
 .data          0x00000000        0x0 lowlevel_init.o
 .bss           0x00000000        0x0 lowlevel_init.o
 .text          0x00000000        0x0 s3c2440_nand.o
 .data          0x00000000        0x0 s3c2440_nand.o
 .bss           0x00000000        0x0 s3c2440_nand.o
 .text          0x00000000        0x0 smdk2440_nand_spl.o
 .data          0x00000000        0x0 smdk2440_nand_spl.o
 .bss           0x00000000        0x0 smdk2440_nand_spl.o
 .text          0x00000000        0x0 nand_base.o
 .data          0x00000000        0x0 nand_base.o
 .bss           0x00000000        0x0 nand_base.o
 .text.generic_ffs
                0x00000000        0x0 nand_base.o
 .text.nand_bch_calculate_ecc
                0x00000000        0x0 nand_base.o
 .text.nand_bch_correct_data
                0x00000000        0x0 nand_base.o
 .text.nand_release_device
                0x00000000        0x0 nand_base.o
 .text.nand_read_byte
                0x00000000        0x0 nand_base.o
 .text.nand_read_byte16
                0x00000000        0x0 nand_base.o
 .text.nand_read_word
                0x00000000        0x0 nand_base.o
 .text.nand_write_buf
                0x00000000        0x0 nand_base.o
 .text.nand_verify_buf
                0x00000000        0x0 nand_base.o
 .text.nand_write_buf16
                0x00000000        0x0 nand_base.o
 .text.nand_read_buf16
                0x00000000        0x0 nand_base.o
 .text.nand_verify_buf16
                0x00000000        0x0 nand_base.o
 .text.nand_check_wp
                0x00000000        0x0 nand_base.o
 .text.nand_get_device
                0x00000000        0x0 nand_base.o
 .text.nand_block_bad
                0x00000000        0x0 nand_base.o
 .text.nand_read_page_raw
                0x00000000        0x0 nand_base.o
 .text.nand_read_page_raw_syndrome
                0x00000000        0x0 nand_base.o
 .text.nand_read_page_swecc
                0x00000000        0x0 nand_base.o
 .text.nand_read_subpage
                0x00000000        0x0 nand_base.o
 .text.nand_read_page_hwecc
                0x00000000        0x0 nand_base.o
 .text.nand_read_page_hwecc_oob_first
                0x00000000        0x0 nand_base.o
 .text.nand_read_page_syndrome
                0x00000000        0x0 nand_base.o
 .text.nand_read_oob_std
                0x00000000        0x0 nand_base.o
 .text.nand_read_oob_syndrome
                0x00000000        0x0 nand_base.o
 .text.nand_write_oob_std
                0x00000000        0x0 nand_base.o
 .text.nand_write_oob_syndrome
                0x00000000        0x0 nand_base.o
 .text.nand_write_page_raw
                0x00000000        0x0 nand_base.o
 .text.nand_write_page_raw_syndrome
                0x00000000        0x0 nand_base.o
 .text.nand_write_page_swecc
                0x00000000        0x0 nand_base.o
 .text.nand_write_page_hwecc
                0x00000000        0x0 nand_base.o
 .text.nand_write_page_syndrome
                0x00000000        0x0 nand_base.o
 .text.nand_write_page
                0x00000000        0x0 nand_base.o
 .text.single_erase_cmd
                0x00000000        0x0 nand_base.o
 .text.multi_erase_cmd
                0x00000000        0x0 nand_base.o
 .text.nand_sync
                0x00000000        0x0 nand_base.o
 .text.nand_release
                0x00000000        0x0 nand_base.o
 .text.nand_scan_ident
                0x00000000        0x0 nand_base.o
 .text.nand_scan_tail
                0x00000000        0x0 nand_base.o
 .text.nand_scan
                0x00000000        0x0 nand_base.o
 .text.nand_select_chip
                0x00000000        0x0 nand_base.o
 .text.nand_block_checkbad
                0x00000000        0x0 nand_base.o
 .text.nand_block_isbad
                0x00000000        0x0 nand_base.o
 .text.nand_block_markbad
                0x00000000        0x0 nand_base.o
 .text.nand_fill_oob
                0x00000000        0x0 nand_base.o
 .text.nand_do_write_oob
                0x00000000        0x0 nand_base.o
 .text.nand_do_write_ops
                0x00000000        0x0 nand_base.o
 .text.nand_write_oob
                0x00000000        0x0 nand_base.o
 .text.nand_write
                0x00000000        0x0 nand_base.o
 .text.nand_transfer_oob
                0x00000000        0x0 nand_base.o
 .text.nand_default_block_markbad
                0x00000000        0x0 nand_base.o
 .text.nand_wait
                0x00000000        0x0 nand_base.o
 .text.nand_wait_ready
                0x00000000        0x0 nand_base.o
 .text.nand_do_read_ops
                0x00000000        0x0 nand_base.o
 .text.nand_read_oob
                0x00000000        0x0 nand_base.o
 .text.nand_read
                0x00000000        0x0 nand_base.o
 .text.nand_command
                0x00000000        0x0 nand_base.o
 .text.nand_command_lp
                0x00000000        0x0 nand_base.o
 .text.nand_erase_nand
                0x00000000        0x0 nand_base.o
 .text.nand_erase
                0x00000000        0x0 nand_base.o
 .rodata        0x00000000        0x0 nand_base.o
 .rodata.str1.1
                0x00000000        0x0 nand_base.o

Memory Configuration

Name             Origin             Length             Attributes
*default*        0x00000000         0xffffffff

Linker script and memory map

                0x00000000                . = 0x0
                0x00000000                . = ALIGN (0x4)

.text           0x00000000      0x350
 start.o(.text)
 .text          0x00000000      0x1a0 start.o
                0x00000078                relocate_code
                0x00000050                IRQ_STACK_START_IN
                0x00000000                _start
                0x00000044                _bss_start_ofs
                0x00000048                _bss_end_ofs
                0x0000004c                _end_ofs
                0x00000040                _TEXT_BASE
 nand_boot.o(.text)
 *(.text)
 .text          0x000001a0      0x1b0 lowlevel_init.o
                0x000002d4                led1_on
                0x000002fc                led2_on
                0x00000324                led3_on
                0x000001a4                lowlevel_init
                0x00000338                led3_off
                0x000002e8                led1_off
                0x00000310                led2_off

.glue_7         0x00000350        0x0
 .glue_7        0x00000350        0x0 start.o
 .glue_7        0x00000350        0x0 nand_boot.o
 .glue_7        0x00000350        0x0 lowlevel_init.o
 .glue_7        0x00000350        0x0 s3c2440_nand.o
 .glue_7        0x00000350        0x0 smdk2440_nand_spl.o
 .glue_7        0x00000350        0x0 nand_base.o

.glue_7t        0x00000350        0x0
 .glue_7t       0x00000350        0x0 start.o
 .glue_7t       0x00000350        0x0 nand_boot.o
 .glue_7t       0x00000350        0x0 lowlevel_init.o
 .glue_7t       0x00000350        0x0 s3c2440_nand.o
 .glue_7t       0x00000350        0x0 smdk2440_nand_spl.o
 .glue_7t       0x00000350        0x0 nand_base.o

.vfp11_veneer   0x00000350        0x0
 .vfp11_veneer  0x00000350        0x0 start.o
 .vfp11_veneer  0x00000350        0x0 nand_boot.o
 .vfp11_veneer  0x00000350        0x0 lowlevel_init.o
 .vfp11_veneer  0x00000350        0x0 s3c2440_nand.o
 .vfp11_veneer  0x00000350        0x0 smdk2440_nand_spl.o
 .vfp11_veneer  0x00000350        0x0 nand_base.o

.janus_2cc_veneer
                0x00000350        0x0
 .janus_2cc_veneer
                0x00000350        0x0 start.o
 .janus_2cc_veneer
                0x00000350        0x0 nand_boot.o
 .janus_2cc_veneer
                0x00000350        0x0 lowlevel_init.o
 .janus_2cc_veneer
                0x00000350        0x0 s3c2440_nand.o
 .janus_2cc_veneer
                0x00000350        0x0 smdk2440_nand_spl.o
 .janus_2cc_veneer
                0x00000350        0x0 nand_base.o

.v4_bx          0x00000350        0x0
 .v4_bx         0x00000350        0x0 start.o
 .v4_bx         0x00000350        0x0 nand_boot.o
 .v4_bx         0x00000350        0x0 lowlevel_init.o
 .v4_bx         0x00000350        0x0 s3c2440_nand.o
 .v4_bx         0x00000350        0x0 smdk2440_nand_spl.o
 .v4_bx         0x00000350        0x0 nand_base.o

.text.nand_command
                0x00000350      0x110
 .text.nand_command
                0x00000350      0x110 nand_boot.o

.text.nand_boot
                0x00000460      0x168
 .text.nand_boot
                0x00000460      0x168 nand_boot.o
                0x00000460                nand_boot

.text.s3c2440_dev_ready
                0x000005c8       0x14
 .text.s3c2440_dev_ready
                0x000005c8       0x14 s3c2440_nand.o

.text.s3c2440_nand_select_chip
                0x000005dc       0x3c
 .text.s3c2440_nand_select_chip
                0x000005dc       0x3c s3c2440_nand.o

.text.s3c2440_hwcontrol
                0x00000618       0x68
 .text.s3c2440_hwcontrol
                0x00000618       0x68 s3c2440_nand.o

.text.s3c2440_nand_enable_hwecc
                0x00000680       0x1c
 .text.s3c2440_nand_enable_hwecc
                0x00000680       0x1c s3c2440_nand.o
                0x00000680                s3c2440_nand_enable_hwecc

.text.s3c2440_nand_calculate_ecc
                0x0000069c       0x44
 .text.s3c2440_nand_calculate_ecc
                0x0000069c       0x44 s3c2440_nand.o

.text.s3c2440_nand_correct_data
                0x000006e0       0x6c
 .text.s3c2440_nand_correct_data
                0x000006e0       0x6c s3c2440_nand.o

.text.board_nand_init
                0x0000074c       0xcc
 .text.board_nand_init
                0x0000074c       0xcc s3c2440_nand.o
                0x0000074c                board_nand_init

.text.board_init_f
                0x00000818       0x14
 .text.board_init_f
                0x00000818       0x14 smdk2440_nand_spl.o
                0x00000818                board_init_f

.text.nand_read_buf
                0x0000082c       0x2c
 .text.nand_read_buf
                0x0000082c       0x2c nand_base.o
                0x0000082c                nand_read_buf
                0x00000858                . = ALIGN (0x4)

.rodata
 *(SORT(.rodata*))
                0x00000858                . = ALIGN (0x4)

.data
 *(.data)
                0x00000858                . = ALIGN (0x4)

.got
 *(.got)
                0x00000858                __u_boot_cmd_start = .

.u_boot_cmd
 *(.u_boot_cmd)
                0x00000858                __u_boot_cmd_end = .
                0x00000858                . = ALIGN (0x4)

.rel.dyn        0x00000858        0x0
                0x00000858                __rel_dyn_start = .
 *(.rel*)
                0x00000858                __rel_dyn_end = .

.dynsym         0x00000858        0x0
                0x00000858                __dynsym_start = .
 *(.dynsym)
                0x00000858                _end = .

.bss            0x00000858        0x0
                0x00000858                __bss_start = .
 *(.bss)
                0x00000858                . = ALIGN (0x4)
                0x00000858                __bss_end__ = .
Address of section .text set to 0x0
LOAD start.o
LOAD lowlevel_init.o
LOAD nand_boot.o
LOAD s3c2440_nand.o
LOAD smdk2440_nand_spl.o
LOAD nand_base.o
OUTPUT(/home/xsh/work/u-boot-2012.07/spl/u-boot-spl elf32-littlearm)

.ARM.attributes
                0x00000000       0x25
 .ARM.attributes
                0x00000000       0x17 start.o
 .ARM.attributes
                0x00000017       0x27 nand_boot.o
 .ARM.attributes
                0x0000003e       0x17 lowlevel_init.o
 .ARM.attributes
                0x00000055       0x27 s3c2440_nand.o
 .ARM.attributes
                0x0000007c       0x27 smdk2440_nand_spl.o
 .ARM.attributes
                0x000000a3       0x27 nand_base.o

.debug_line     0x00000000     0x12fc
 .debug_line    0x00000000       0x8f start.o
 .debug_line    0x0000008f      0x1c5 nand_boot.o
 .debug_line    0x00000254       0x95 lowlevel_init.o
 .debug_line    0x000002e9      0x256 s3c2440_nand.o
 .debug_line    0x0000053f       0x73 smdk2440_nand_spl.o
 .debug_line    0x000005b2      0xd4a nand_base.o

.debug_info     0x00000000     0x647a
 .debug_info    0x00000000       0x53 start.o
 .debug_info    0x00000053     0x13d5 nand_boot.o
 .debug_info    0x00001428       0x5b lowlevel_init.o
 .debug_info    0x00001483     0x168e s3c2440_nand.o
 .debug_info    0x00002b11       0xd5 smdk2440_nand_spl.o
 .debug_info    0x00002be6     0x3894 nand_base.o

.debug_abbrev   0x00000000      0xa66
 .debug_abbrev  0x00000000       0x14 start.o
 .debug_abbrev  0x00000014      0x29a nand_boot.o
 .debug_abbrev  0x000002ae       0x14 lowlevel_init.o
 .debug_abbrev  0x000002c2      0x27b s3c2440_nand.o
 .debug_abbrev  0x0000053d       0x84 smdk2440_nand_spl.o
 .debug_abbrev  0x000005c1      0x4a5 nand_base.o

.debug_aranges  0x00000000      0x2d0
 .debug_aranges
                0x00000000       0x20 start.o
 .debug_aranges
                0x00000020       0x28 nand_boot.o
 .debug_aranges
                0x00000048       0x20 lowlevel_init.o
 .debug_aranges
                0x00000068       0x50 s3c2440_nand.o
 .debug_aranges
                0x000000b8       0x20 smdk2440_nand_spl.o
 .debug_aranges
                0x000000d8      0x1f8 nand_base.o

.debug_frame    0x00000000      0x84c
 .debug_frame   0x00000000       0x48 nand_boot.o
 .debug_frame   0x00000048       0x8c s3c2440_nand.o
 .debug_frame   0x000000d4       0x20 smdk2440_nand_spl.o
 .debug_frame   0x000000f4      0x758 nand_base.o

.debug_loc      0x00000000     0x33d8
 .debug_loc     0x00000000      0x14e nand_boot.o
 .debug_loc     0x0000014e      0x26a s3c2440_nand.o
 .debug_loc     0x000003b8       0x13 smdk2440_nand_spl.o
 .debug_loc     0x000003cb     0x300d nand_base.o

.debug_pubnames
                0x00000000      0x168
 .debug_pubnames
                0x00000000       0x20 nand_boot.o
 .debug_pubnames
                0x00000020       0x44 s3c2440_nand.o
 .debug_pubnames
                0x00000064       0x23 smdk2440_nand_spl.o
 .debug_pubnames
                0x00000087       0xe1 nand_base.o

.debug_ranges   0x00000000      0x540
 .debug_ranges  0x00000000       0x90 nand_boot.o
 .debug_ranges  0x00000090       0x48 s3c2440_nand.o
 .debug_ranges  0x000000d8       0x18 smdk2440_nand_spl.o
 .debug_ranges  0x000000f0      0x450 nand_base.o

.debug_str      0x00000000     0x10b0
 .debug_str     0x00000000      0x6c3 nand_boot.o
                                0x89b (size before relaxing)
 .debug_str     0x000006c3      0x213 s3c2440_nand.o
                                0x9ec (size before relaxing)
 .debug_str     0x000008d6       0x2a smdk2440_nand_spl.o
                                0x138 (size before relaxing)
 .debug_str     0x00000900      0x7b0 nand_base.o
                               0x1032 (size before relaxing)

.comment        0x00000000       0xa8
 .comment       0x00000000       0x2a nand_boot.o
 .comment       0x0000002a       0x2a s3c2440_nand.o
 .comment       0x00000054       0x2a smdk2440_nand_spl.o
 .comment       0x0000007e       0x2a nand_base.o

.note.GNU-stack
                0x00000000        0x0
 .note.GNU-stack
                0x00000000        0x0 nand_boot.o
 .note.GNU-stack
                0x00000000        0x0 s3c2440_nand.o
 .note.GNU-stack
                0x00000000        0x0 smdk2440_nand_spl.o
 .note.GNU-stack
                0x00000000        0x0 nand_base.o
